Testing error logging
Very Good